[transformers] `torch_dtype` is deprecated! Use `dtype` instead!
Loading weights:   0%|          | 0/237 [00:00<?, ?it/s]Loading weights:  47%|████▋     | 112/237 [00:00<00:00, 1117.18it/s]Loading weights: 100%|██████████| 237/237 [00:00<00:00, 1401.05it/s]
Writing model shards:   0%|          | 0/1 [00:00<?, ?it/s]Writing model shards: 100%|██████████| 1/1 [00:45<00:00, 45.46s/it]Writing model shards: 100%|██████████| 1/1 [00:45<00:00, 45.48s/it]
{
  "status": "success",
  "base_model": "results/raw/llmpruner_codellama7b_r4_layerdrop_keep80_full_20260725_182022/default_keep80/pruned_model",
  "adapter": "results/raw/llmpruner_codellama7b_r4_layerdrop_keep80_full_20260725_182022/default_keep80_lora/lora_adapter",
  "merged_model": "results/raw/llmpruner_codellama7b_r4_layerdrop_keep80_full_20260725_182022/default_keep80_lora_merged",
  "dtype": "fp16",
  "device": "cpu",
  "param_count": 5524246528,
  "process_rss_mb_after": 11007.13671875,
  "elapsed_seconds": 88.57160425186157,
  "torch": "2.11.0+cu128"
}
	Command being timed: ".venv-common/bin/python scripts/recover/merge_lora_model.py --base-model results/raw/llmpruner_codellama7b_r4_layerdrop_keep80_full_20260725_182022/default_keep80/pruned_model --adapter results/raw/llmpruner_codellama7b_r4_layerdrop_keep80_full_20260725_182022/default_keep80_lora/lora_adapter --out-dir results/raw/llmpruner_codellama7b_r4_layerdrop_keep80_full_20260725_182022/default_keep80_lora_merged --dtype fp16 --device cpu"
	User time (seconds): 59.03
	System time (seconds): 209.15
	Percent of CPU this job got: 265%
	Elapsed (wall clock) time (h:mm:ss or m:ss): 1:41.14
	Average shared text size (kbytes): 0
	Average unshared data size (kbytes): 0
	Average stack size (kbytes): 0
	Average total size (kbytes): 0
	Maximum resident set size (kbytes): 11940320
	Average resident set size (kbytes): 0
	Major (requiring I/O) page faults: 46367
	Minor (reclaiming a frame) page faults: 24798748
	Voluntary context switches: 41736
	Involuntary context switches: 884
	Swaps: 0
	File system inputs: 22059992
	File system outputs: 21586248
	Socket messages sent: 0
	Socket messages received: 0
	Signals delivered: 0
	Page size (bytes): 4096
	Exit status: 0
