[transformers] `torch_dtype` is deprecated! Use `dtype` instead!
Loading weights:   0%|          | 0/435 [00:00<?, ?it/s]Loading weights:  69%|██████▉   | 300/435 [00:00<00:00, 2992.09it/s]Loading weights: 100%|██████████| 435/435 [00:00<00:00, 3195.28it/s]
trainable params: 11,649,024 || all params: 1,887,278,592 || trainable%: 0.6172
{"step": 1, "total_steps": 2, "avg_loss": NaN}
{"step": 2, "total_steps": 2, "avg_loss": NaN}
{
  "status": "success",
  "base_model": "results/raw/pilot_keep80_official_all_20260727_174732/flabpruner_keep80/pruned_model",
  "train_file": "results/raw/pilot_keep80_official_all_20260727_174732/shared_lora_data/distill_train.jsonl",
  "samples": 12,
  "output_adapter": "results/raw/pilot_keep80_official_all_20260727_174732/flabpruner_keep80_lora/lora_adapter",
  "rank": 8,
  "alpha": 16,
  "dropout": 0.0,
  "target_modules": [
    "q_proj",
    "k_proj",
    "v_proj",
    "o_proj",
    "gate_proj",
    "up_proj",
    "down_proj"
  ],
  "epochs": 1.0,
  "batch_size": 1,
  "grad_accum": 8,
  "max_length": 512,
  "lr": 0.0002,
  "dtype": "fp16",
  "device": "cuda:0",
  "load_mode": "direct",
  "load_in_4bit": false,
  "local_files_only": true,
  "slicegpt_base_model": null,
  "slicegpt_sparsity": null,
  "slicegpt_round_interval": null,
  "device_map": null,
  "max_memory": null,
  "offload_folder": null,
  "steps": 2,
  "elapsed_seconds": 17.98505473136902
}
