[transformers] `torch_dtype` is deprecated! Use `dtype` instead!
Loading weights:   0%|          | 0/237 [00:00<?, ?it/s]Loading weights:  41%|████      | 97/237 [00:00<00:00, 967.81it/s]Loading weights: 100%|██████████| 237/237 [00:00<00:00, 1229.97it/s]
Writing model shards:   0%|          | 0/1 [00:00<?, ?it/s]Writing model shards: 100%|██████████| 1/1 [00:51<00:00, 51.79s/it]Writing model shards: 100%|██████████| 1/1 [00:51<00:00, 51.80s/it]
{
  "status": "success",
  "base_model": "results/raw/llmpruner_codellama7b_r4_layerdrop_keep80_full_20260725_182022/benchguided_keep80/pruned_model",
  "adapter": "results/raw/llmpruner_codellama7b_r4_layerdrop_keep80_full_20260725_182022/benchguided_keep80_lora/lora_adapter",
  "merged_model": "results/raw/llmpruner_codellama7b_r4_layerdrop_keep80_full_20260725_182022/benchguided_keep80_lora_merged",
  "dtype": "fp16",
  "device": "cpu",
  "param_count": 5524246528,
  "process_rss_mb_after": 11019.42578125,
  "elapsed_seconds": 109.58388137817383,
  "torch": "2.11.0+cu128"
}
	Command being timed: ".venv-common/bin/python scripts/recover/merge_lora_model.py --base-model results/raw/llmpruner_codellama7b_r4_layerdrop_keep80_full_20260725_182022/benchguided_keep80/pruned_model --adapter results/raw/llmpruner_codellama7b_r4_layerdrop_keep80_full_20260725_182022/benchguided_keep80_lora/lora_adapter --out-dir results/raw/llmpruner_codellama7b_r4_layerdrop_keep80_full_20260725_182022/benchguided_keep80_lora_merged --dtype fp16 --device cpu"
	User time (seconds): 78.05
	System time (seconds): 276.44
	Percent of CPU this job got: 275%
	Elapsed (wall clock) time (h:mm:ss or m:ss): 2:08.47
	Average shared text size (kbytes): 0
	Average unshared data size (kbytes): 0
	Average stack size (kbytes): 0
	Average total size (kbytes): 0
	Maximum resident set size (kbytes): 11807748
	Average resident set size (kbytes): 0
	Major (requiring I/O) page faults: 48866
	Minor (reclaiming a frame) page faults: 24788632
	Voluntary context switches: 49954
	Involuntary context switches: 867
	Swaps: 0
	File system inputs: 22874616
	File system outputs: 21586256
	Socket messages sent: 0
	Socket messages received: 0
	Signals delivered: 0
	Page size (bytes): 4096
	Exit status: 0
